**********************
Windows PowerShell 기록 시작
시작 시간: 20260601103352
사용자 이름: DESKTOP-4IENENS\KOREA_HRD_1_3
RunAs 사용자: DESKTOP-4IENENS\KOREA_HRD_1_3
구성 이름: 
Machine: DESKTOP-4IENENS (Microsoft Windows NT 10.0.26200.0)
호스트 응용 프로그램: C:\WINDOWS\System32\WindowsPowerShell\v1.0\powershell.exe -NoProfile -ExecutionPolicy Bypass -File C:\Users\KOREA_HRD_1_3\Desktop\hrd_second_project\scripts\setup_openssh_server.ps1
프로세스 ID: 18616
PSVersion: 5.1.26100.8457
PSEdition: Desktop
PSCompatibleVersions: 1.0, 2.0, 3.0, 4.0, 5.0, 5.1.26100.8457
BuildVersion: 10.0.26100.8457
CLRVersion: 4.0.30319.42000
WSManStackVersion: 3.0
PSRemotingProtocolVersion: 2.3
SerializationVersion: 1.1.0.1
**********************
[1/5] Checking OpenSSH Server capability...
Capability: OpenSSH.Server~~~~0.0.1.0
State: NotPresent
[2/5] Installing OpenSSH Server...
